<!DOCTYPE html>
<html lang="en">
<head>
	<meta charset="UTF-8">
	<title>Golden</title>
	<link rel="stylesheet" href="styles/styles.css">
</head>
<body>
	<header>
		<div class="container">
			<div class="heading clearfix">
				<img src="img/logo.png" alt="Golden" class="logo">
					<nav>
						<ul class="menu">
							<li>
								<a href="#">Home</a>
							</li>
							<li>
								<a href="#">Services</a>
							</li>
							<li><a href="#">Portfolio</a></li>
							<li><a href="#">About</a></li>
							<li><a href="#">Contact</a></li>
						</ul>
					</nav>
					<div class="menu-toogle">
                        <span></span>
                    </div>
                    <ul class="small-menu">
										<li><a class="link" href="index.html">Home</a></li>
										<li><a class="link" href="#servis">services</a></li>
										<li><a class="link" href="#portfolio">portfolio</a></li>
										<li><a class="link" href="#about">about</a></li>					
										<li><a class="link" href="#contact">contact</a></li>
								</ul>
			</div>
		<div class="titles">
			<div class="titles__first">
				<p>Welcome To Our Studio!</p>
				
			</div>
			<h1>
				<p>It’s nice to Meet you</p>
				
			</h1>
			<a class="button" href="#">tell me more</a>


		</div>
		</div>
	</header>

	<section id="services">
		<div class="container">
		<div class="title">
			<h2>
				services
			</h2>
			<p>Proin iaculis purus consequat sem cure. </p>
		</div>
		<div class="services clearfix">
			<div class="services__item">
				<img src="img/icon1.png" alt="">
				<h3>E-Commerce</h3>
				<p>Proin iaculis purus consequat sem cure 
digni ssim. Donec porttitora entum suscipit 
aenean rhoncus posuere odio in tincidunt.</p>
			</div>
			<div class="services__item">
				<img src="img/icon2.png" alt="">
				<h3>Responsive Web</h3>
				<p>Proin iaculis purus consequat sem cure 
digni ssim. Donec porttitora entum suscipit 
aenean rhoncus posuere odio in tincidunt.</p>
			</div>
			<div class="services__item">
				<img src="img/icon3.png" alt="">
				<h3>Web Security</h3>
				<p>Proin iaculis purus consequat sem cure 
digni ssim. Donec porttitora entum suscipit 
aenean rhoncus posuere odio in tincidunt.</p>
			</div>
		</div>
	</div>
	</section>
	<section id="portfolio">
		<div class="container">
		<div class="title">
			<h2>
				Our portfolio
			</h2>
			<p>Proin iaculis purus consequat sem cure. </p>
		</div>
		<div class="works clearfix">
			
				<img src="img/img1.jpg" alt="работа">
				<img src="img/img2.jpg" alt="работа">
				<img src="img/img3.jpg" alt="работа">
		</div>

				
		</div>
	
	</section>
	<section id="about-us">
		<div class="container">
			<div class="title">
				<h2>
					About us
				</h2>
				<p>Proin iaculis purus consequat sem cure. </p>
			</div>
			<div class="about__item">
				<div class="item">
				
				<div class="text left">
					<h3>July 2016</h3>
					<span>Our Humble Beginnings</span>
					<p>Proin iaculis purus consequat sem cure 
digni ssim. Donec porttitora entum suscipit 
aenean rhoncus posuere odio in tincidunt.</p>
				</div>
				<img src="img/about1.jpg" alt="">
			</div>
			<div class="item">
				<div class="text right">
					<h3>January 2017</h3>
					<span>Facing Startup Battles</span>
					<p>Proin iaculis purus consequat sem cure 
digni ssim. Donec porttitora entum suscipit 
aenean rhoncus posuere odio in tincidunt.</p>
				</div>
				<img src="img/about2.jpg" alt="">
			
			</div>
			<div class="item">
				<div class="text left">
					<h3>December 2017</h3>
					<span>Enter The Dark Days</span>
					<p>Proin iaculis purus consequat sem cure 
digni ssim. Donec porttitora entum suscipit 
aenean rhoncus posuere odio in tincidunt.</p>
				</div>
				<img src="img/about3.jpg" alt="">
			
			</div>
			<div class="item">
				<div class="text right">
					<h3>February 2018
					</h3>
					<span>Our Triumph</span>
					<p>Proin iaculis purus consequat sem cure 
digni ssim. Donec porttitora entum suscipit 
aenean rhoncus posuere odio in tincidunt.</p>
				</div>
				<img src="img/about4.jpg" alt="">
			</div>
									

		</div>
	</section>
	<footer id="footer" class="footer">
    <div class="container">
      <ul class="navigation-footer">
         <li><a href="index.html">home</a></li>
         <li><a href="#services">service</a></li>
         <li><a href="#portfolio">portfolio</a></li>
         <li><a href="#about">about</a></li>
         <li><a href="#contact">contact</a></li>
      </ul>
    </div>
  </footer>
	<script src="js/jquery-3.3.1.min.js"></script>
	<script src="js/scripts.js"></script>
</body>
</html>